[backblue.gif]
[fade.gif]
[index.html]
[testportal.zalaris.com/nea/v1/hpb60f4.html]
[testportal.zalaris.com/index.html]
[testportal.zalaris.com/zalaris_logon_2fa/index.html]
[code.jquery.com/jquery-3.3.1.min.js]
[code.jquery.com/jquery-migrate-3.0.1.min.js]
[testportal.zalaris.com/zalaris_logon_2fa/css/script_201907.js]
[testportal.zalaris.com/zalaris_logon_2fa/css/login_201907.css]
[testportal.zalaris.com/zalaris_logon_2fa/css/img/favicons/apple-touch-icon.png]
[testportal.zalaris.com/zalaris_logon_2fa/css/img/favicons/favicon-32x32.png]
[testportal.zalaris.com/zalaris_logon_2fa/css/img/favicons/favicon-16x16.png]
[testportal.zalaris.com/zalaris_logon_2fa/css/img/favicons/safari-pinned-tab.svg]
[testportal.zalaris.com/resetpwd/resetpwd.html]
[testportal.zalaris.com/nea/v1/hpb60f4.html]
[testportal.zalaris.com/zalaris_logon_2fa/index.html]
[testportal.zalaris.com/resetpwd/resetpwd.html]
[testportal.zalaris.com/zalaris_logon_2fa/css/misc_logon.css]
[testportal.zalaris.com/zalaris_logon_2fa/css/script_201907.js]
[testportal.zalaris.com/zalaris_logon_2fa/css/img/favicons/apple-touch-icon.png]
[testportal.zalaris.com/zalaris_logon_2fa/css/lib/normalize.css]
[testportal.zalaris.com/zalaris_logon_2fa/css/fonts/Roboto-Regular.ttf]
[testportal.zalaris.com/zalaris_logon_2fa/css/img/zalaris_logo_2022.png]
[testportal.zalaris.com/zalaris_logon_2fa/css/login_201907.css]
[testportal.zalaris.com/zalaris_logon_2fa/css/lib/normalize.css]
[testportal.zalaris.com/zalaris_logon_2fa/css/img/complementary.jpg]
